DEBUG:asyncio:Using proactor: IocpProactor
INFO:app.infrastructure.data.duckdb_enhanced_adapter:[DUCKDB] Threads: 16, MemLimit: 4GB, ObjectCache: ON
INFO:app.infrastructure.data.duckdb_enhanced_adapter:DuckDBEnhancedAdapter initialized (Pool: 4, Metrics: enabled)
ERROR:app.infrastructure.data.duckdb_enhanced_adapter:Query failed: 
                SELECT CODIGO, DESCRICAO, NOMESEGMENTO, VENDA_30DD, ESTOQUE_UNE, LIQUIDO_38
       ... Error: Binder Error: Referenced column "CODIGO" not found in FROM clause!
Candidate bindings: "PRODUTO", "NOMEGRUPO", "NOMECATEGORIA", "ROMANEIO_ENVIO", "PONTO_PEDIDO_LV"

LINE 2:                 SELECT CODIGO, DESCRICAO, NOMESEGMENTO, VENDA_30DD, ESTOQUE_UNE...
                               ^
ERROR:app.services.data_aggregation:Erro na agregaþÒo de dados (DuckDB): Binder Error: Referenced column "CODIGO" not found in FROM clause!
Candidate bindings: "PRODUTO", "NOMEGRUPO", "NOMECATEGORIA", "ROMANEIO_ENVIO", "PONTO_PEDIDO_LV"

LINE 2:                 SELECT CODIGO, DESCRICAO, NOMESEGMENTO, VENDA_30DD, ESTOQUE_UNE...
                               ^

=== TESTE PASSO A PASSO DO SISTEMA DE INSIGHTS ===

[1/3] Testando DataAggregationService...
[ERRO] DataAggregationService retornou erro: Binder Error: Referenced column "CODIGO" not found in FROM clause!
Candidate bindings: "PRODUTO", "NOMEGRUPO", "NOMECATEGORIA", "ROMANEIO_ENVIO", "PONTO_PEDIDO_LV"

LINE 2:                 SELECT CODIGO, DESCRICAO, NOMESEGMENTO, VENDA_30DD, ESTOQUE_UNE...
                               ^

==================================================
RESULTADO: FALHA - Verifique os erros acima
==================================================

